[INFO] Scanning for projects...
[INFO] 
[INFO] -----------------------------< pb:market >------------------------------
[INFO] Building market 0.0.1-SNAPSHOT
[INFO]   from pom.xml
[INFO] --------------------------------[ jar ]---------------------------------
[INFO] 
[INFO] --- resources:3.3.1:resources (default-resources) @ market ---
[INFO] Copying 1 resource from src\main\resources to target\classes
[INFO] Copying 0 resource from src\main\resources to target\classes
[INFO] 
[INFO] --- compiler:3.14.1:compile (default-compile) @ market ---
[INFO] Recompiling the module because of changed source code.
[INFO] Compiling 24 source files with javac [debug parameters release 17] to target\classes
[INFO] -------------------------------------------------------------
[ERROR] COMPILATION ERROR : 
[INFO] -------------------------------------------------------------
[ERROR] /D:/_____________Python Programming/__IVAN PB MARKET/market/backend/src/main/java/pb/market/controller/BatchActionController.java:[27,24] cannot find symbol
  symbol:   class VariantRepository
  location: class pb.market.controller.BatchActionController
[INFO] 1 error
[INFO] -------------------------------------------------------------
[INFO] ------------------------------------------------------------------------
[INFO] BUILD FAILURE
[INFO] ------------------------------------------------------------------------
[INFO] Total time:  3.066 s
[INFO] Finished at: 2026-04-08T23:40:48+08:00
[INFO] ------------------------------------------------------------------------
[ERROR] Failed to execute goal org.apache.maven.plugins:maven-compiler-plugin:3.14.1:compile (default-compile) on project market: Compilation failure
[ERROR] /D:/_____________Python Programming/__IVAN PB MARKET/market/backend/src/main/java/pb/market/controller/BatchActionController.java:[27,24] cannot find symbol
[ERROR]   symbol:   class VariantRepository
[ERROR]   location: class pb.market.controller.BatchActionController
[ERROR] 
[ERROR] -> [Help 1]
[ERROR] 
[ERROR] To see the full stack trace of the errors, re-run Maven with the -e switch.
[ERROR] Re-run Maven using the -X switch to enable full debug logging.
[ERROR] 
[ERROR] For more information about the errors and possible solutions, please read the following articles:
[ERROR] [Help 1] http://cwiki.apache.org/confluence/display/MAVEN/MojoFailureException
